[2026-01-17T04:02:15.587Z] GET /api/appointments/all 401 in 8ms :: {"message":"Unauthorized"}
[2026-01-17T04:02:18.960Z] POST /api/login 200 in 83ms :: {"id":1,"userId":1,"companyId":null,"username":"…
[2026-01-17T04:02:22.732Z] GET /api/appointments/all 200 in 133ms :: [{"id":1,"userId":1,"clientId":7,"ser…
[2026-01-17T04:02:36.348Z] GET /api/user 401 in 1ms :: {"message":"Unauthorized"}
[2026-01-17T04:02:36.684Z] GET /api/public/login-banner 304 in 243ms :: {"url":"https://image2url.com/imag…
[2026-01-17T04:02:41.360Z] POST /api/login 200 in 36ms :: {"id":1,"username":"admin","email":"yurinatanmar…
[2026-01-17T04:02:41.376Z] GET /api/user 304 in 12ms :: {"id":1,"username":"admin","email":"yurinatanmarqu…
[2026-01-17T04:02:41.498Z] GET /api/notifications 304 in 79ms :: [{"id":47,"userId":1,"clientId":7,"appoin…
[2026-01-17T04:02:41.611Z] GET /api/staff 304 in 143ms :: [{"id":1,"userId":1,"companyId":null,"username":…
[2026-01-17T04:02:41.627Z] GET /api/appointments/2026-01-17 200 in 159ms :: [{"id":59,"userId":1,"clientId…
[2026-01-17T04:02:41.634Z] GET /api/dashboard/stats 304 in 168ms :: {"todayAppointments":"1","dailyRevenue…
[2026-01-17T04:02:42.497Z] GET /api/clients 304 in 27ms :: [{"id":16,"userId":1,"name":"ryan","cpf":null,"…
[2026-01-17T04:02:42.499Z] GET /api/services 304 in 33ms :: []
[2026-01-17T04:02:42.510Z] GET /api/procedures 304 in 44ms :: [{"id":12,"userId":1,"name":"Girl's Cut up t…
[2026-01-17T04:02:42.646Z] GET /api/staff 304 in 174ms :: [{"id":1,"userId":1,"companyId":null,"username":…
[2026-01-17T04:02:42.665Z] GET /api/business-hours 304 in 191ms :: [{"id":5,"userId":1,"dayOfWeek":"friday…
[2026-01-17T04:02:42.681Z] GET /api/appointments/all 200 in 223ms :: [{"id":1,"userId":1,"clientId":7,"ser…
[2026-01-17T04:02:50.872Z] POST /api/login 200 in 20ms :: {"id":1,"userId":1,"companyId":null,"username":"…
[2026-01-17T04:02:51.189Z] GET /api/staff/appointments 200 in 142ms :: [{"id":1,"userId":1,"clientId":7,"s…
[2026-01-17T04:02:51.313Z] GET /api/staff/appointments 304 in 122ms :: [{"id":1,"userId":1,"clientId":7,"s…
[2026-01-17T04:02:57.615Z] GET /api/appointments/58/with-procedures 200 in 28ms :: {"appointment":{"id":58…
[2026-01-17T04:02:57.638Z] GET /api/staff 304 in 12ms :: [{"id":1,"userId":1,"companyId":null,"username":"…
[2026-01-17T04:03:02.198Z] GET /api/appointments/59/with-procedures 200 in 28ms :: {"appointment":{"id":59…
[2026-01-17T04:03:02.217Z] GET /api/staff 304 in 15ms :: [{"id":1,"userId":1,"companyId":null,"username":"…
[2026-01-17T04:03:11.226Z] GET /api/appointments/58/with-procedures 304 in 34ms :: {"appointment":{"id":58…
[2026-01-17T04:03:11.453Z] GET /api/staff 304 in 27ms :: [{"id":1,"userId":1,"companyId":null,"username":"…
[2026-01-17T04:03:11.469Z] GET /api/appointments/2026-01-16 200 in 40ms :: [{"id":58,"userId":1,"clientId"…
[2026-01-17T04:03:11.731Z] GET /api/staff/1/procedures 304 in 68ms :: []
[2026-01-17T04:03:11.751Z] GET /api/staff/2/procedures 304 in 17ms :: []
[2026-01-17T04:03:11.784Z] GET /api/staff/3/procedures 304 in 29ms :: []
[2026-01-17T04:03:11.803Z] GET /api/staff/4/procedures 304 in 14ms :: []
[2026-01-17T04:03:11.820Z] GET /api/staff 304 in 13ms :: [{"id":1,"userId":1,"companyId":null,"username":"…
[2026-01-17T04:03:11.837Z] GET /api/staff/1/procedures 304 in 14ms :: []
[2026-01-17T04:03:11.854Z] GET /api/staff/2/procedures 304 in 13ms :: []
[2026-01-17T04:03:11.872Z] GET /api/staff/3/procedures 304 in 15ms :: []
[2026-01-17T04:03:11.892Z] GET /api/staff/4/procedures 304 in 15ms :: []
[2026-01-17T04:03:11.914Z] GET /api/staff 304 in 14ms :: [{"id":1,"userId":1,"companyId":null,"username":"…
[2026-01-17T04:03:11.933Z] GET /api/staff/1/procedures 304 in 14ms :: []
[2026-01-17T04:03:11.954Z] GET /api/staff/2/procedures 304 in 17ms :: []
[2026-01-17T04:03:12.030Z] GET /api/staff/3/procedures 304 in 67ms :: []
[2026-01-17T04:03:12.057Z] GET /api/staff/4/procedures 304 in 19ms :: []
[2026-01-17T04:03:22.056Z] GET /api/notifications 304 in 32ms :: [{"id":47,"userId":1,"clientId":7,"appoin…
[2026-01-17T04:03:22.092Z] GET /api/transactions 200 in 56ms :: [{"id":14,"userId":1,"clientId":13,"appoin…
[2026-01-17T04:03:22.152Z] GET /api/dashboard/stats 304 in 84ms :: {"todayAppointments":"1","dailyRevenue"…
[2026-01-17T04:03:22.177Z] GET /api/notifications 304 in 94ms :: [{"id":47,"userId":1,"clientId":7,"appoin…
[2026-01-17T04:03:22.329Z] GET /api/appointments 200 in 290ms :: [{"id":1,"userId":1,"clientId":7,"service…
[2026-01-17T04:03:39.081Z] POST /api/transactions 200 in 90ms :: {"id":16,"userId":1,"clientId":null,"appo…
[2026-01-17T04:03:39.129Z] GET /api/transactions 200 in 42ms :: [{"id":16,"userId":1,"clientId":null,"appo…
[2026-01-17T04:03:39.205Z] GET /api/dashboard/stats 200 in 71ms :: {"todayAppointments":"1","dailyRevenue"…
[2026-01-17T04:03:39.225Z] GET /api/notifications 304 in 75ms :: [{"id":47,"userId":1,"clientId":7,"appoin…
[2026-01-17T04:03:39.382Z] GET /api/appointments 304 in 231ms :: [{"id":1,"userId":1,"clientId":7,"service…
[2026-01-17T04:03:39.391Z] GET /api/notifications 304 in 164ms :: [{"id":47,"userId":1,"clientId":7,"appoi…
[2026-01-17T04:03:47.222Z] GET /api/notifications 304 in 23ms :: [{"id":47,"userId":1,"clientId":7,"appoin…
[2026-01-17T04:03:47.250Z] GET /api/transactions 304 in 40ms :: [{"id":16,"userId":1,"clientId":null,"appo…
[2026-01-17T04:03:47.298Z] GET /api/dashboard/stats 304 in 74ms :: {"todayAppointments":"1","dailyRevenue"…
[2026-01-17T04:03:47.377Z] GET /api/appointments 304 in 168ms :: [{"id":1,"userId":1,"clientId":7,"service…
[2026-01-17T04:03:47.386Z] GET /api/notifications 304 in 152ms :: [{"id":47,"userId":1,"clientId":7,"appoi…
[2026-01-17T04:04:03.436Z] GET /api/notifications 304 in 271ms :: [{"id":47,"userId":1,"clientId":7,"appoi…
[2026-01-17T04:04:03.507Z] GET /api/dashboard/stats 304 in 377ms :: {"todayAppointments":"1","dailyRevenue…
[2026-01-17T04:04:03.617Z] GET /api/notifications 304 in 90ms :: [{"id":47,"userId":1,"clientId":7,"appoin…
[2026-01-17T04:04:03.659Z] GET /api/appointments/2026-01-17 304 in 533ms :: [{"id":59,"userId":1,"clientId…
[2026-01-17T04:04:03.672Z] GET /api/staff 304 in 546ms :: [{"id":1,"userId":1,"companyId":null,"username":…
[2026-01-17T04:04:04.983Z] POST /api/notifications/mark-read 200 in 20ms :: {"updated":5}
[2026-01-17T04:04:05.004Z] GET /api/notifications 200 in 14ms :: [{"id":47,"userId":1,"clientId":7,"appoin…
[2026-01-17T04:04:15.371Z] GET /api/appointments/all 200 in 445ms :: [{"id":1,"userId":1,"clientId":7,"ser…
[2026-01-17T04:04:15.386Z] GET /api/clients 304 in 452ms :: [{"id":16,"userId":1,"name":"ryan","cpf":null,…
[2026-01-17T04:04:15.411Z] GET /api/services 304 in 473ms :: []
[2026-01-17T04:04:15.482Z] GET /api/procedures 304 in 542ms :: [{"id":12,"userId":1,"name":"Girl's Cut up …
[2026-01-17T04:04:15.504Z] GET /api/business-hours 304 in 326ms :: [{"id":5,"userId":1,"dayOfWeek":"friday…
[2026-01-17T04:04:15.594Z] GET /api/staff 304 in 549ms :: [{"id":1,"userId":1,"companyId":null,"username":…
[2026-01-17T04:04:16.306Z] GET /api/appointments/57/with-procedures 200 in 203ms :: {"appointment":{"id":5…
[2026-01-17T04:04:16.441Z] GET /api/appointments/2026-01-15 200 in 47ms :: [{"id":57,"userId":1,"clientId"…
[2026-01-17T04:04:16.453Z] GET /api/staff 304 in 48ms :: [{"id":1,"userId":1,"companyId":null,"username":"…
[2026-01-17T04:04:16.813Z] GET /api/staff/1/procedures 304 in 65ms :: []
[2026-01-17T04:04:16.845Z] GET /api/staff/2/procedures 304 in 24ms :: []
[2026-01-17T04:04:16.872Z] GET /api/staff/3/procedures 304 in 17ms :: []
[2026-01-17T04:04:16.895Z] GET /api/staff/4/procedures 304 in 20ms :: []
[2026-01-17T04:04:21.205Z] PUT /api/appointments/57/with-procedures 200 in 70ms :: {"appointment":{"id":57…
[2026-01-17T04:04:21.616Z] GET /api/appointments/all 200 in 229ms :: [{"id":1,"userId":1,"clientId":7,"ser…
[2026-01-17T04:04:27.352Z] GET /api/notifications 304 in 56ms :: [{"id":47,"userId":1,"clientId":7,"appoin…
[2026-01-17T04:04:27.382Z] GET /api/dashboard/stats 304 in 81ms :: {"todayAppointments":"1","dailyRevenue"…
[2026-01-17T04:04:27.409Z] GET /api/appointments/2026-01-17 200 in 90ms :: [{"id":59,"userId":1,"clientId"…
[2026-01-17T04:04:27.472Z] GET /api/notifications 304 in 86ms :: [{"id":47,"userId":1,"clientId":7,"appoin…
[2026-01-17T04:04:27.493Z] GET /api/staff 304 in 188ms :: [{"id":1,"userId":1,"companyId":null,"username":…
[2026-01-17T04:04:29.389Z] GET /api/clients 200 in 50ms :: [{"id":16,"userId":1,"name":"ryan","cpf":null,"…
[2026-01-17T04:04:29.395Z] GET /api/services 304 in 56ms :: []
[2026-01-17T04:04:29.460Z] GET /api/procedures 304 in 93ms :: [{"id":12,"userId":1,"name":"Girl's Cut up t…
[2026-01-17T04:04:29.504Z] GET /api/staff 304 in 162ms :: [{"id":1,"userId":1,"companyId":null,"username":…
[2026-01-17T04:04:29.524Z] GET /api/business-hours 304 in 180ms :: [{"id":5,"userId":1,"dayOfWeek":"friday…
[2026-01-17T04:04:29.553Z] GET /api/appointments/all 304 in 228ms :: [{"id":1,"userId":1,"clientId":7,"ser…
[2026-01-17T04:04:30.004Z] GET /api/notifications 304 in 50ms :: [{"id":47,"userId":1,"clientId":7,"appoin…
[2026-01-17T04:04:30.037Z] GET /api/dashboard/stats 304 in 79ms :: {"todayAppointments":"1","dailyRevenue"…
[2026-01-17T04:04:30.057Z] GET /api/staff 304 in 99ms :: [{"id":1,"userId":1,"companyId":null,"username":"…
[2026-01-17T04:04:30.084Z] GET /api/notifications 304 in 41ms :: [{"id":47,"userId":1,"clientId":7,"appoin…
[2026-01-17T04:04:33.505Z] GET /api/clients 304 in 61ms :: [{"id":16,"userId":1,"name":"ryan","cpf":null,"…
[2026-01-17T04:04:33.563Z] GET /api/services 304 in 78ms :: []
[2026-01-17T04:04:33.573Z] GET /api/procedures 304 in 87ms :: [{"id":12,"userId":1,"name":"Girl's Cut up t…
[2026-01-17T04:04:33.586Z] GET /api/staff 304 in 99ms :: [{"id":1,"userId":1,"companyId":null,"username":"…
[2026-01-17T04:04:33.596Z] GET /api/business-hours 304 in 110ms :: [{"id":5,"userId":1,"dayOfWeek":"friday…
[2026-01-17T04:04:33.638Z] GET /api/appointments/all 304 in 215ms :: [{"id":1,"userId":1,"clientId":7,"ser…
[2026-01-17T04:04:35.037Z] GET /api/notifications 304 in 38ms :: [{"id":47,"userId":1,"clientId":7,"appoin…
[2026-01-17T04:04:35.050Z] GET /api/clients 304 in 37ms :: [{"id":16,"userId":1,"name":"ryan","cpf":null,"…
[2026-01-17T04:04:35.084Z] GET /api/notifications 304 in 28ms :: [{"id":47,"userId":1,"clientId":7,"appoin…
[2026-01-17T04:04:35.890Z] GET /api/notifications 304 in 76ms :: [{"id":47,"userId":1,"clientId":7,"appoin…
[2026-01-17T04:04:35.909Z] GET /api/products 200 in 105ms :: [{"id":161,"userId":1,"name":"shampoo","code"…
[2026-01-17T04:04:35.967Z] GET /api/notifications 304 in 60ms :: [{"id":47,"userId":1,"clientId":7,"appoin…
[2026-01-17T04:04:36.516Z] GET /api/procedures 304 in 74ms :: [{"id":12,"userId":1,"name":"Girl's Cut up t…
[2026-01-17T04:04:36.534Z] GET /api/inventory 200 in 96ms :: [{"id":2,"userId":1,"itemName":"Cotons","cate…
[2026-01-17T04:04:37.969Z] GET /api/notifications 304 in 309ms :: [{"id":47,"userId":1,"clientId":7,"appoi…
[2026-01-17T04:04:37.991Z] GET /api/products 304 in 153ms :: [{"id":161,"userId":1,"name":"shampoo","code"…
[2026-01-17T04:04:38.018Z] GET /api/notifications 304 in 39ms :: [{"id":47,"userId":1,"clientId":7,"appoin…
[2026-01-17T04:04:41.550Z] GET /api/notifications 304 in 40ms :: [{"id":47,"userId":1,"clientId":7,"appoin…
[2026-01-17T04:04:41.569Z] GET /api/transactions 200 in 43ms :: [{"id":16,"userId":1,"clientId":null,"appo…
[2026-01-17T04:04:41.626Z] GET /api/dashboard/stats 304 in 101ms :: {"todayAppointments":"1","dailyRevenue…
[2026-01-17T04:04:41.672Z] GET /api/notifications 304 in 97ms :: [{"id":47,"userId":1,"clientId":7,"appoin…
[2026-01-17T04:04:41.761Z] GET /api/appointments 200 in 233ms :: [{"id":1,"userId":1,"clientId":7,"service…
[2026-01-17T04:05:03.633Z] GET /api/user 200 in 100ms :: {"id":1,"username":"admin","email":"yurinatanmarq…
[2026-01-17T04:05:04.057Z] GET /api/notifications 304 in 67ms :: [{"id":47,"userId":1,"clientId":7,"appoin…
[2026-01-17T04:05:04.080Z] GET /api/transactions 304 in 78ms :: [{"id":16,"userId":1,"clientId":null,"appo…
[2026-01-17T04:05:04.140Z] GET /api/dashboard/stats 304 in 111ms :: {"todayAppointments":"1","dailyRevenue…
[2026-01-17T04:05:04.301Z] GET /api/appointments 304 in 300ms :: [{"id":1,"userId":1,"clientId":7,"service…
[2026-01-17T04:05:05.291Z] GET /api/clients 304 in 50ms :: [{"id":16,"userId":1,"name":"ryan","cpf":null,"…
[2026-01-17T04:05:05.306Z] GET /api/services 304 in 65ms :: []
[2026-01-17T04:05:05.344Z] GET /api/procedures 304 in 101ms :: [{"id":12,"userId":1,"name":"Girl's Cut up …
[2026-01-17T04:05:05.359Z] GET /api/staff 304 in 116ms :: [{"id":1,"userId":1,"companyId":null,"username":…
[2026-01-17T04:05:05.383Z] GET /api/business-hours 304 in 140ms :: [{"id":5,"userId":1,"dayOfWeek":"friday…
[2026-01-17T04:05:05.419Z] GET /api/appointments/all 304 in 181ms :: [{"id":1,"userId":1,"clientId":7,"ser…
[2026-01-17T04:05:26.219Z] GET /api/notifications 304 in 159ms :: [{"id":47,"userId":1,"clientId":7,"appoi…
[2026-01-17T04:05:26.267Z] GET /api/transactions 304 in 174ms :: [{"id":16,"userId":1,"clientId":null,"app…
[2026-01-17T04:05:26.310Z] GET /api/notifications 304 in 31ms :: [{"id":47,"userId":1,"clientId":7,"appoin…
[2026-01-17T04:05:26.324Z] GET /api/dashboard/stats 304 in 240ms :: {"todayAppointments":"1","dailyRevenue…
[2026-01-17T04:05:26.406Z] GET /api/appointments 304 in 321ms :: [{"id":1,"userId":1,"clientId":7,"service…
[2026-01-17T04:06:10.014Z] GET /api/inventory 304 in 163ms :: [{"id":2,"userId":1,"itemName":"Cotons","cat…
[2026-01-17T04:06:10.050Z] GET /api/procedures 304 in 196ms :: [{"id":12,"userId":1,"name":"Girl's Cut up …
[2026-01-17T04:06:10.330Z] GET /api/notifications 304 in 32ms :: [{"id":47,"userId":1,"clientId":7,"appoin…
[2026-01-17T04:06:10.344Z] GET /api/products 304 in 42ms :: [{"id":161,"userId":1,"name":"shampoo","code":…
[2026-01-17T04:06:10.384Z] GET /api/notifications 304 in 49ms :: [{"id":47,"userId":1,"clientId":7,"appoin…
[2026-01-17T04:06:19.168Z] GET /api/procedures 304 in 16ms :: [{"id":12,"userId":1,"name":"Girl's Cut up t…
[2026-01-17T04:06:19.179Z] GET /api/inventory 304 in 29ms :: [{"id":2,"userId":1,"itemName":"Cotons","cate…
[2026-01-17T04:06:20.478Z] GET /api/notifications 304 in 34ms :: [{"id":47,"userId":1,"clientId":7,"appoin…
[2026-01-17T04:06:20.485Z] GET /api/clients 304 in 27ms :: [{"id":16,"userId":1,"name":"ryan","cpf":null,"…
[2026-01-17T04:06:20.505Z] GET /api/notifications 304 in 18ms :: [{"id":47,"userId":1,"clientId":7,"appoin…
[2026-01-17T04:06:22.163Z] GET /api/procedures 304 in 42ms :: [{"id":12,"userId":1,"name":"Girl's Cut up t…
[2026-01-17T04:06:22.170Z] GET /api/inventory 304 in 40ms :: [{"id":2,"userId":1,"itemName":"Cotons","cate…
[2026-01-17T04:06:22.780Z] GET /api/notifications 304 in 29ms :: [{"id":47,"userId":1,"clientId":7,"appoin…
[2026-01-17T04:06:22.789Z] GET /api/clients 304 in 30ms :: [{"id":16,"userId":1,"name":"ryan","cpf":null,"…
[2026-01-17T04:06:22.835Z] GET /api/notifications 304 in 45ms :: [{"id":47,"userId":1,"clientId":7,"appoin…
[2026-01-17T04:06:35.770Z] PUT /api/clients/16 200 in 75ms :: {"id":16,"userId":1,"name":"ryan","cpf":"","…
[2026-01-17T04:06:35.786Z] GET /api/clients 200 in 12ms :: [{"id":16,"userId":1,"name":"ryan","cpf":"","ph…
[2026-01-17T04:06:35.837Z] GET /api/notifications 304 in 16ms :: [{"id":47,"userId":1,"clientId":7,"appoin…
[2026-01-17T04:06:35.868Z] GET /api/notifications 304 in 27ms :: [{"id":47,"userId":1,"clientId":7,"appoin…
[2026-01-17T04:06:40.876Z] GET /api/notifications 304 in 20ms :: [{"id":47,"userId":1,"clientId":7,"appoin…
[2026-01-17T04:06:40.888Z] GET /api/clients 304 in 25ms :: [{"id":16,"userId":1,"name":"ryan","cpf":"","ph…
[2026-01-17T04:06:40.904Z] GET /api/notifications 304 in 13ms :: [{"id":47,"userId":1,"clientId":7,"appoin…
[2026-01-17T04:06:49.962Z] GET /api/dashboard/stats 304 in 48ms :: {"todayAppointments":"1","dailyRevenue"…
[2026-01-17T04:06:50.092Z] GET /api/appointments 200 in 171ms :: [{"id":1,"userId":1,"clientId":7,"service…
[2026-01-17T04:06:50.116Z] GET /api/notifications 304 in 243ms :: [{"id":47,"userId":1,"clientId":7,"appoi…
[2026-01-17T04:06:50.142Z] GET /api/transactions 304 in 224ms :: [{"id":16,"userId":1,"clientId":null,"app…
[2026-01-17T04:06:50.169Z] GET /api/notifications 304 in 20ms :: [{"id":47,"userId":1,"clientId":7,"appoin…
[2026-01-17T04:08:23.461Z] GET /api/user 200 in 191ms :: {"id":1,"username":"admin","email":"yurinatanmarq…
[2026-01-17T04:08:23.756Z] GET /api/notifications 304 in 84ms :: [{"id":47,"userId":1,"clientId":7,"appoin…
[2026-01-17T04:08:23.788Z] GET /api/transactions 304 in 117ms :: [{"id":16,"userId":1,"clientId":null,"app…
[2026-01-17T04:08:23.820Z] GET /api/dashboard/stats 304 in 134ms :: {"todayAppointments":"1","dailyRevenue…
[2026-01-17T04:08:23.996Z] GET /api/appointments 304 in 322ms :: [{"id":1,"userId":1,"clientId":7,"service…
[2026-01-17T04:08:38.637Z] GET /api/sales 200 in 87ms :: [{"id":1,"userId":1,"clientId":13,"saleDate":"202…
[2026-01-17T04:08:38.681Z] GET /api/products 304 in 128ms :: [{"id":161,"userId":1,"name":"shampoo","code"…
[2026-01-17T04:08:38.683Z] GET /api/clients 304 in 129ms :: [{"id":16,"userId":1,"name":"ryan","cpf":"","p…
[2026-01-17T04:08:43.845Z] GET /api/sales 304 in 31ms :: [{"id":1,"userId":1,"clientId":13,"saleDate":"202…
[2026-01-17T04:08:43.857Z] GET /api/products 304 in 40ms :: [{"id":161,"userId":1,"name":"shampoo","code":…
[2026-01-17T04:08:43.862Z] GET /api/clients 304 in 44ms :: [{"id":16,"userId":1,"name":"ryan","cpf":"","ph…
[2026-01-17T04:08:56.038Z] POST /api/sales 200 in 97ms :: {"id":2,"userId":1,"clientId":7,"saleDate":"2026…
[2026-01-17T04:08:56.062Z] GET /api/sales 200 in 21ms :: [{"id":2,"userId":1,"clientId":7,"saleDate":"2026…
[2026-01-17T04:08:56.097Z] GET /api/dashboard/stats 200 in 52ms :: {"todayAppointments":"1","dailyRevenue"…
[2026-01-17T04:08:56.133Z] GET /api/sales 304 in 64ms :: [{"id":2,"userId":1,"clientId":7,"saleDate":"2026…
[2026-01-17T04:08:56.238Z] GET /api/notifications 304 in 125ms :: [{"id":47,"userId":1,"clientId":7,"appoi…
[2026-01-17T04:08:56.249Z] GET /api/transactions 200 in 103ms :: [{"id":17,"userId":1,"clientId":7,"appoin…
[2026-01-17T04:08:56.343Z] GET /api/products 200 in 294ms :: [{"id":161,"userId":1,"name":"shampoo","code"…
[2026-01-17T04:08:56.358Z] GET /api/notifications 304 in 118ms :: [{"id":47,"userId":1,"clientId":7,"appoi…
[2026-01-17T04:08:56.432Z] GET /api/appointments 304 in 284ms :: [{"id":1,"userId":1,"clientId":7,"service…
[2026-01-17T04:09:01.201Z] GET /api/notifications 304 in 45ms :: [{"id":47,"userId":1,"clientId":7,"appoin…
[2026-01-17T04:09:01.212Z] GET /api/transactions 304 in 52ms :: [{"id":17,"userId":1,"clientId":7,"appoint…
[2026-01-17T04:09:01.243Z] GET /api/dashboard/stats 304 in 84ms :: {"todayAppointments":"1","dailyRevenue"…
[2026-01-17T04:09:01.252Z] GET /api/notifications 304 in 45ms :: [{"id":47,"userId":1,"clientId":7,"appoin…
[2026-01-17T04:09:01.337Z] GET /api/appointments 304 in 169ms :: [{"id":1,"userId":1,"clientId":7,"service…
[2026-01-17T04:09:19.195Z] GET /api/sales 304 in 105ms :: [{"id":2,"userId":1,"clientId":7,"saleDate":"202…
[2026-01-17T04:09:19.234Z] GET /api/clients 304 in 140ms :: [{"id":16,"userId":1,"name":"ryan","cpf":"","p…
[2026-01-17T04:09:19.239Z] GET /api/products 304 in 146ms :: [{"id":161,"userId":1,"name":"shampoo","code"…
